{"cell": "midpoint-b4-L4-unroll-s31415-A", "epoch": 1, "train_mse": 1.7195128202438354, "gradient_norm": 1.6823787689208984, "validation_one_step": 0.0037758160033263266, "validation_rollout": 0.08431015908718109, "train_seconds": 0.01577623188495636, "elapsed_seconds": 0.04152997210621834}
{"cell": "midpoint-b4-L4-unroll-s31415-A", "epoch": 100, "train_mse": 0.014881766401231289, "gradient_norm": 0.007085103541612625, "validation_one_step": 2.9523184518135775e-05, "validation_rollout": 0.0009481082088313997, "train_seconds": 1.5145795531570911, "elapsed_seconds": 1.8012009896337986}
{"cell": "midpoint-b4-L4-unroll-s31415-A", "epoch": 200, "train_mse": 0.014496633782982826, "gradient_norm": 0.007026358041912317, "validation_one_step": 2.8998009990270173e-05, "validation_rollout": 0.000919600366614759, "train_seconds": 3.0363429188728333, "elapsed_seconds": 3.584627117961645}
{"cell": "midpoint-b4-L4-unroll-s31415-A", "epoch": 300, "train_mse": 0.013902487233281136, "gradient_norm": 0.0076350197196006775, "validation_one_step": 2.7841249144936835e-05, "validation_rollout": 0.0008801888907328248, "train_seconds": 4.551875323057175, "elapsed_seconds": 5.363175451755524}
{"cell": "midpoint-b4-L4-unroll-s31415-A", "epoch": 400, "train_mse": 0.013017995283007622, "gradient_norm": 0.016424939036369324, "validation_one_step": 2.5976209068782435e-05, "validation_rollout": 0.0008185504120774567, "train_seconds": 6.0671849101781845, "elapsed_seconds": 7.142129708081484}
{"cell": "midpoint-b4-L4-unroll-s31415-A", "epoch": 500, "train_mse": 0.011681804433465004, "gradient_norm": 0.009669000282883644, "validation_one_step": 2.347487027994551e-05, "validation_rollout": 0.0007333404500968754, "train_seconds": 7.584671322256327, "elapsed_seconds": 8.924819696694613}
{"cell": "midpoint-b4-L4-unroll-s31415-A", "epoch": 600, "train_mse": 0.009789161384105682, "gradient_norm": 0.09941709041595459, "validation_one_step": 1.9730473923118552e-05, "validation_rollout": 0.0006076052086427808, "train_seconds": 9.100284233689308, "elapsed_seconds": 10.705156717449427}
{"cell": "midpoint-b4-L4-unroll-s31415-A", "epoch": 700, "train_mse": 0.006742878817021847, "gradient_norm": 0.012329122982919216, "validation_one_step": 1.3662067355350397e-05, "validation_rollout": 0.0004138893564231694, "train_seconds": 10.61767190694809, "elapsed_seconds": 12.488346111029387}
{"cell": "midpoint-b4-L4-unroll-s31415-A", "epoch": 800, "train_mse": 0.0033049271441996098, "gradient_norm": 0.01217289175838232, "validation_one_step": 6.733409217455725e-06, "validation_rollout": 0.0001983244001166895, "train_seconds": 12.132228128612041, "elapsed_seconds": 14.268862277269363}
{"cell": "midpoint-b4-L4-unroll-s31415-A", "epoch": 900, "train_mse": 0.0008695983560755849, "gradient_norm": 0.017881404608488083, "validation_one_step": 1.8069803502385184e-06, "validation_rollout": 5.110732308821753e-05, "train_seconds": 13.64264801889658, "elapsed_seconds": 16.045226491987705}
{"cell": "midpoint-b4-L4-unroll-s31415-A", "epoch": 1000, "train_mse": 0.00028573861345648766, "gradient_norm": 0.131702721118927, "validation_one_step": 2.655568588731209e-07, "validation_rollout": 7.5215330070932396e-06, "train_seconds": 15.15567534416914, "elapsed_seconds": 17.82546017691493}
{"cell": "midpoint-b4-L4-unroll-s31415-A", "epoch": 1100, "train_mse": 8.482002158416435e-06, "gradient_norm": 0.0013079100754112005, "validation_one_step": 2.147582200962006e-08, "validation_rollout": 4.667942903324729e-07, "train_seconds": 16.665571581572294, "elapsed_seconds": 19.602892506867647}
{"cell": "midpoint-b4-L4-unroll-s31415-A", "epoch": 1200, "train_mse": 5.721202978747897e-05, "gradient_norm": 0.07377306371927261, "validation_one_step": 4.614036264172228e-09, "validation_rollout": 8.057926237370339e-08, "train_seconds": 18.185562644153833, "elapsed_seconds": 21.39199461787939}
{"cell": "midpoint-b4-L4-unroll-s31415-A", "epoch": 1300, "train_mse": 1.7071702131943312e-06, "gradient_norm": 0.00024460922577418387, "validation_one_step": 2.856102243598002e-09, "validation_rollout": 5.04795565348104e-08, "train_seconds": 19.695559535175562, "elapsed_seconds": 23.169048756361008}
{"cell": "midpoint-b4-L4-unroll-s31415-A", "epoch": 1400, "train_mse": 1.6862312577359262e-06, "gradient_norm": 1.7646449123276398e-05, "validation_one_step": 2.6150650903981423e-09, "validation_rollout": 4.834682698628967e-08, "train_seconds": 21.205160938203335, "elapsed_seconds": 24.948680143803358}
{"cell": "midpoint-b4-L4-unroll-s31415-A", "epoch": 1500, "train_mse": 2.9860839276807383e-06, "gradient_norm": 0.011215702630579472, "validation_one_step": 3.2957945631887733e-09, "validation_rollout": 6.136983188298473e-08, "train_seconds": 22.726438891142607, "elapsed_seconds": 26.748225267976522}
{"cell": "midpoint-b4-L4-unroll-s31415-A", "epoch": 1600, "train_mse": 1.690498947937158e-06, "gradient_norm": 9.813594078877941e-05, "validation_one_step": 2.6090906842431614e-09, "validation_rollout": 4.842395640025643e-08, "train_seconds": 24.26803670451045, "elapsed_seconds": 28.556966211646795}
{"cell": "midpoint-b4-L4-unroll-s31415-A", "epoch": 1700, "train_mse": 1.6842875538713997e-06, "gradient_norm": 0.00023512556799687445, "validation_one_step": 2.5933127682324178e-09, "validation_rollout": 4.834754463445279e-08, "train_seconds": 25.785770498216152, "elapsed_seconds": 30.344467468559742}
{"cell": "midpoint-b4-L4-unroll-s31415-A", "epoch": 1800, "train_mse": 2.1463274606503546e-06, "gradient_norm": 0.006623583845794201, "validation_one_step": 3.4812082660984345e-09, "validation_rollout": 7.975823024253259e-08, "train_seconds": 27.308830615133047, "elapsed_seconds": 32.13486247882247}
{"cell": "midpoint-b4-L4-unroll-s31415-A", "epoch": 1900, "train_mse": 1.6878620954230428e-06, "gradient_norm": 4.1337014408782125e-05, "validation_one_step": 2.6016054125814017e-09, "validation_rollout": 4.8743256542138624e-08, "train_seconds": 28.842444736510515, "elapsed_seconds": 33.937431909143925}
{"cell": "midpoint-b4-L4-unroll-s31415-A", "epoch": 2000, "train_mse": 9.400385897606611e-05, "gradient_norm": 0.09500518441200256, "validation_one_step": 6.03463857847449e-07, "validation_rollout": 1.9361315935384482e-05, "train_seconds": 30.400010127574205, "elapsed_seconds": 35.768220987170935}
