{"cell": "midpoint-b4-L4-unroll-s161803-B", "epoch": 1, "train_mse": 1.625975251197815, "gradient_norm": 2.0337636470794678, "validation_one_step": 0.0036377299887438617, "validation_rollout": 0.08230829983949661, "train_seconds": 0.018073145300149918, "elapsed_seconds": 0.043296653777360916}
{"cell": "midpoint-b4-L4-unroll-s161803-B", "epoch": 100, "train_mse": 0.014574084430932999, "gradient_norm": 0.028655044734477997, "validation_one_step": 2.9113864002283663e-05, "validation_rollout": 0.001024951576255262, "train_seconds": 1.5281279981136322, "elapsed_seconds": 1.8116495050489902}
{"cell": "midpoint-b4-L4-unroll-s161803-B", "epoch": 200, "train_mse": 0.013761000707745552, "gradient_norm": 0.008468438871204853, "validation_one_step": 2.7774534525330335e-05, "validation_rollout": 0.0009592126007191837, "train_seconds": 3.0482669435441494, "elapsed_seconds": 3.591590788215399}
{"cell": "midpoint-b4-L4-unroll-s161803-B", "epoch": 300, "train_mse": 0.012931792996823788, "gradient_norm": 0.008509406819939613, "validation_one_step": 2.63131361559014e-05, "validation_rollout": 0.000917359720915556, "train_seconds": 4.586510889232159, "elapsed_seconds": 5.396224610507488}
{"cell": "midpoint-b4-L4-unroll-s161803-B", "epoch": 400, "train_mse": 0.011886350810527802, "gradient_norm": 0.00912309531122446, "validation_one_step": 2.4360288913764332e-05, "validation_rollout": 0.0008508497849106789, "train_seconds": 6.103572137653828, "elapsed_seconds": 7.175800271332264}
{"cell": "midpoint-b4-L4-unroll-s161803-B", "epoch": 500, "train_mse": 0.01044347696006298, "gradient_norm": 0.010082528926432133, "validation_one_step": 2.1582530128701666e-05, "validation_rollout": 0.0007499319617636502, "train_seconds": 7.611296456307173, "elapsed_seconds": 8.948090448975563}
{"cell": "midpoint-b4-L4-unroll-s161803-B", "epoch": 600, "train_mse": 0.008495002053678036, "gradient_norm": 0.010959981009364128, "validation_one_step": 1.780901751165705e-05, "validation_rollout": 0.0006132465205155313, "train_seconds": 9.112578112632036, "elapsed_seconds": 10.711757868528366}
{"cell": "midpoint-b4-L4-unroll-s161803-B", "epoch": 700, "train_mse": 0.006050185300409794, "gradient_norm": 0.01234458014369011, "validation_one_step": 1.3019429919343869e-05, "validation_rollout": 0.00044176948722451925, "train_seconds": 10.613466873764992, "elapsed_seconds": 12.4724279679358}
{"cell": "midpoint-b4-L4-unroll-s161803-B", "epoch": 800, "train_mse": 0.0034525354858487844, "gradient_norm": 0.010614181868731976, "validation_one_step": 7.732441342038024e-06, "validation_rollout": 0.00025666618603281677, "train_seconds": 12.114264771342278, "elapsed_seconds": 14.23639190196991}
{"cell": "midpoint-b4-L4-unroll-s161803-B", "epoch": 900, "train_mse": 0.0014377745101228356, "gradient_norm": 0.05629129335284233, "validation_one_step": 3.3812298549188804e-06, "validation_rollout": 0.00010976292833220214, "train_seconds": 13.617607828229666, "elapsed_seconds": 16.001338362693787}
{"cell": "midpoint-b4-L4-unroll-s161803-B", "epoch": 1000, "train_mse": 0.0003922619507648051, "gradient_norm": 0.004777532536536455, "validation_one_step": 1.017943427920424e-06, "validation_rollout": 3.0960076401242986e-05, "train_seconds": 15.131279792636633, "elapsed_seconds": 17.783275492489338}
{"cell": "midpoint-b4-L4-unroll-s161803-B", "epoch": 1100, "train_mse": 8.818042988423258e-05, "gradient_norm": 0.005837932229042053, "validation_one_step": 2.5385761877790475e-07, "validation_rollout": 7.21794549463084e-06, "train_seconds": 16.639783076941967, "elapsed_seconds": 19.554781891405582}
{"cell": "midpoint-b4-L4-unroll-s161803-B", "epoch": 1200, "train_mse": 2.0600382413249463e-05, "gradient_norm": 0.0028197148349136114, "validation_one_step": 6.264612532428752e-08, "validation_rollout": 1.710024889689521e-06, "train_seconds": 18.164259903132915, "elapsed_seconds": 21.34727719053626}
{"cell": "midpoint-b4-L4-unroll-s161803-B", "epoch": 1300, "train_mse": 8.280150723294355e-06, "gradient_norm": 0.004569503478705883, "validation_one_step": 2.4278173249570045e-08, "validation_rollout": 6.291894578680512e-07, "train_seconds": 19.665674313902855, "elapsed_seconds": 23.111812699586153}
{"cell": "midpoint-b4-L4-unroll-s161803-B", "epoch": 1400, "train_mse": 4.969770998286549e-06, "gradient_norm": 0.0001571355969645083, "validation_one_step": 1.3423459085023145e-08, "validation_rollout": 3.289589471933141e-07, "train_seconds": 21.17519859224558, "elapsed_seconds": 24.885769221931696}
{"cell": "midpoint-b4-L4-unroll-s161803-B", "epoch": 1500, "train_mse": 3.2543168345000595e-05, "gradient_norm": 0.05912464112043381, "validation_one_step": 1.264751130491959e-07, "validation_rollout": 3.7075913041917374e-06, "train_seconds": 22.67947741597891, "elapsed_seconds": 26.651368979364634}
{"cell": "midpoint-b4-L4-unroll-s161803-B", "epoch": 1600, "train_mse": 3.6936266951670405e-06, "gradient_norm": 8.820621587801725e-05, "validation_one_step": 8.273759677379644e-09, "validation_rollout": 2.03307067181413e-07, "train_seconds": 24.1849905513227, "elapsed_seconds": 28.42325248941779}
{"cell": "midpoint-b4-L4-unroll-s161803-B", "epoch": 1700, "train_mse": 3.4305371627851855e-06, "gradient_norm": 0.00010412702977191657, "validation_one_step": 7.069459240227616e-09, "validation_rollout": 1.7594680912225158e-07, "train_seconds": 25.695153541862965, "elapsed_seconds": 30.19866282120347}
{"cell": "midpoint-b4-L4-unroll-s161803-B", "epoch": 1800, "train_mse": 3.6286364775151014e-06, "gradient_norm": 0.005722245201468468, "validation_one_step": 7.638054781248608e-09, "validation_rollout": 1.8458800354892446e-07, "train_seconds": 27.196920465677977, "elapsed_seconds": 31.961913112550974}
{"cell": "midpoint-b4-L4-unroll-s161803-B", "epoch": 1900, "train_mse": 3.2149982871487737e-06, "gradient_norm": 4.39420691691339e-05, "validation_one_step": 6.042985223331243e-09, "validation_rollout": 1.55516843847181e-07, "train_seconds": 28.699307970702648, "elapsed_seconds": 33.73182826116681}
{"cell": "midpoint-b4-L4-unroll-s161803-B", "epoch": 2000, "train_mse": 3.122943326161476e-06, "gradient_norm": 0.0009207026450894773, "validation_one_step": 5.6292014753249004e-09, "validation_rollout": 1.4845018370124308e-07, "train_seconds": 30.20363162457943, "elapsed_seconds": 35.50719850882888}
