{"cell": "midpoint-b4-L4-unroll-s31415-B", "epoch": 1, "train_mse": 1.7811589241027832, "gradient_norm": 2.0693039894104004, "validation_one_step": 0.003955926532701899, "validation_rollout": 0.08667657524347305, "train_seconds": 0.01588756963610649, "elapsed_seconds": 0.0417456217110157}
{"cell": "midpoint-b4-L4-unroll-s31415-B", "epoch": 100, "train_mse": 0.014095820486545563, "gradient_norm": 0.013294012285768986, "validation_one_step": 3.014538303129181e-05, "validation_rollout": 0.0009262329549528658, "train_seconds": 1.5306263491511345, "elapsed_seconds": 1.811407770961523}
{"cell": "midpoint-b4-L4-unroll-s31415-B", "epoch": 200, "train_mse": 0.013581020757555962, "gradient_norm": 0.007398668210953474, "validation_one_step": 3.0080265029634273e-05, "validation_rollout": 0.0009065064368769526, "train_seconds": 3.0518176704645157, "elapsed_seconds": 3.591762587428093}
{"cell": "midpoint-b4-L4-unroll-s31415-B", "epoch": 300, "train_mse": 0.01290965173393488, "gradient_norm": 0.007777029648423195, "validation_one_step": 2.9502560134157346e-05, "validation_rollout": 0.0008722777129150927, "train_seconds": 4.572957415133715, "elapsed_seconds": 5.373211745172739}
{"cell": "midpoint-b4-L4-unroll-s31415-B", "epoch": 400, "train_mse": 0.012027231976389885, "gradient_norm": 0.008412627503275871, "validation_one_step": 2.807056883587696e-05, "validation_rollout": 0.0008176625706255436, "train_seconds": 6.094768092036247, "elapsed_seconds": 7.154798235744238}
{"cell": "midpoint-b4-L4-unroll-s31415-B", "epoch": 500, "train_mse": 0.010801227763295174, "gradient_norm": 0.009283510968089104, "validation_one_step": 2.546507660857363e-05, "validation_rollout": 0.0007338664145208895, "train_seconds": 7.630761660635471, "elapsed_seconds": 8.954574689269066}
{"cell": "midpoint-b4-L4-unroll-s31415-B", "epoch": 600, "train_mse": 0.009069829247891903, "gradient_norm": 0.010308575816452503, "validation_one_step": 2.151012298175677e-05, "validation_rollout": 0.0006129236426204443, "train_seconds": 9.154697228223085, "elapsed_seconds": 10.737245060503483}
{"cell": "midpoint-b4-L4-unroll-s31415-B", "epoch": 700, "train_mse": 0.006695869378745556, "gradient_norm": 0.011206535622477531, "validation_one_step": 1.5997815088060936e-05, "validation_rollout": 0.00044810143299400806, "train_seconds": 10.656616311520338, "elapsed_seconds": 12.499137185513973}
{"cell": "midpoint-b4-L4-unroll-s31415-B", "epoch": 800, "train_mse": 0.0038430599961429834, "gradient_norm": 0.011015722528100014, "validation_one_step": 9.306763956828945e-06, "validation_rollout": 0.00025354864192195237, "train_seconds": 12.153093796223402, "elapsed_seconds": 14.255268212407827}
{"cell": "midpoint-b4-L4-unroll-s31415-B", "epoch": 900, "train_mse": 0.001439587096683681, "gradient_norm": 0.022075196728110313, "validation_one_step": 3.5231062724960793e-06, "validation_rollout": 9.225365647580475e-05, "train_seconds": 13.65654032677412, "elapsed_seconds": 16.018474243581295}
{"cell": "midpoint-b4-L4-unroll-s31415-B", "epoch": 1000, "train_mse": 0.00029419249040074646, "gradient_norm": 0.0043791732750833035, "validation_one_step": 7.934267406047487e-07, "validation_rollout": 1.9414719645283185e-05, "train_seconds": 15.151026461273432, "elapsed_seconds": 17.774115439504385}
{"cell": "midpoint-b4-L4-unroll-s31415-B", "epoch": 1100, "train_mse": 4.149296000832692e-05, "gradient_norm": 0.014083581045269966, "validation_one_step": 1.3788011769359324e-07, "validation_rollout": 3.048124199267477e-06, "train_seconds": 16.645008709281683, "elapsed_seconds": 19.52811460569501}
{"cell": "midpoint-b4-L4-unroll-s31415-B", "epoch": 1200, "train_mse": 5.707774107577279e-06, "gradient_norm": 0.0004835030122194439, "validation_one_step": 2.220420114440458e-08, "validation_rollout": 4.297078532999876e-07, "train_seconds": 18.139428984373808, "elapsed_seconds": 21.284026585519314}
{"cell": "midpoint-b4-L4-unroll-s31415-B", "epoch": 1300, "train_mse": 0.000301038206089288, "gradient_norm": 0.184901624917984, "validation_one_step": 9.305286393275955e-09, "validation_rollout": 1.8521564015827607e-07, "train_seconds": 19.63630897551775, "elapsed_seconds": 23.04280861094594}
{"cell": "midpoint-b4-L4-unroll-s31415-B", "epoch": 1400, "train_mse": 2.2811489088780945e-06, "gradient_norm": 0.0014998085098341107, "validation_one_step": 5.39480711954828e-09, "validation_rollout": 1.2540499483293388e-07, "train_seconds": 21.13479033485055, "elapsed_seconds": 24.802466865628958}
{"cell": "midpoint-b4-L4-unroll-s31415-B", "epoch": 1500, "train_mse": 2.151204625988612e-06, "gradient_norm": 2.7362819309928454e-05, "validation_one_step": 4.349580473572701e-09, "validation_rollout": 1.0584844289951434e-07, "train_seconds": 22.633374728262424, "elapsed_seconds": 26.564954087138176}
{"cell": "midpoint-b4-L4-unroll-s31415-B", "epoch": 1600, "train_mse": 3.7801830330863595e-05, "gradient_norm": 0.0633188784122467, "validation_one_step": 1.1542993316737693e-07, "validation_rollout": 3.3860496841953136e-06, "train_seconds": 24.130529884248972, "elapsed_seconds": 28.32382119819522}
{"cell": "midpoint-b4-L4-unroll-s31415-B", "epoch": 1700, "train_mse": 2.1393416318460368e-06, "gradient_norm": 0.000347587134456262, "validation_one_step": 4.108877478999536e-09, "validation_rollout": 1.0068556832720787e-07, "train_seconds": 25.626550063490868, "elapsed_seconds": 30.081151887774467}
{"cell": "midpoint-b4-L4-unroll-s31415-B", "epoch": 1800, "train_mse": 2.1136427221790655e-06, "gradient_norm": 0.00048199426964856684, "validation_one_step": 3.904287929993681e-09, "validation_rollout": 9.552417878921915e-08, "train_seconds": 27.123222708702087, "elapsed_seconds": 31.84326073899865}
{"cell": "midpoint-b4-L4-unroll-s31415-B", "epoch": 1900, "train_mse": 2.1649202608386986e-06, "gradient_norm": 0.0007185868453234434, "validation_one_step": 4.8316186607166856e-09, "validation_rollout": 1.2803160132079938e-07, "train_seconds": 28.618310667574406, "elapsed_seconds": 33.5998914912343}
{"cell": "midpoint-b4-L4-unroll-s31415-B", "epoch": 2000, "train_mse": 2.114471044478705e-06, "gradient_norm": 6.518147711176425e-05, "validation_one_step": 3.826187366939848e-09, "validation_rollout": 9.340361373233463e-08, "train_seconds": 30.11189717426896, "elapsed_seconds": 35.35813174769282}
