Epoch   1/100 | L_step=4.3971e-04 L_roll=0.0000e+00 L_energy=0.0000e+00 L_V=0.0000e+00 | validation=not_run | lr=1.00e-03 | 3s
Epoch   5/100 | L_step=4.1296e-04 L_roll=0.0000e+00 L_energy=0.0000e+00 L_V=0.0000e+00 | val_mse=4.7047e-03 bound_viol=0.0000e+00 | lr=9.94e-04 | 16s
Epoch  10/100 | L_step=4.0247e-04 L_roll=0.0000e+00 L_energy=0.0000e+00 L_V=0.0000e+00 | val_mse=4.6262e-03 bound_viol=0.0000e+00 | lr=9.76e-04 | 31s
Epoch  15/100 | L_step=4.0113e-04 L_roll=0.0000e+00 L_energy=0.0000e+00 L_V=0.0000e+00 | val_mse=4.6128e-03 bound_viol=0.0000e+00 | lr=9.46e-04 | 47s
Epoch  20/100 | L_step=3.9914e-04 L_roll=0.0000e+00 L_energy=0.0000e+00 L_V=0.0000e+00 | val_mse=4.5853e-03 bound_viol=0.0000e+00 | lr=9.05e-04 | 63s
Epoch  25/100 | L_step=3.7880e-04 L_roll=0.0000e+00 L_energy=0.0000e+00 L_V=0.0000e+00 | val_mse=4.2214e-03 bound_viol=0.0000e+00 | lr=8.54e-04 | 78s
Epoch  30/100 | L_step=1.9756e-05 L_roll=0.0000e+00 L_energy=0.0000e+00 L_V=0.0000e+00 | val_mse=3.4423e-04 bound_viol=0.0000e+00 | lr=7.94e-04 | 94s
Epoch  35/100 | L_step=1.5614e-05 L_roll=0.0000e+00 L_energy=0.0000e+00 L_V=0.0000e+00 | val_mse=9.5629e-05 bound_viol=0.0000e+00 | lr=7.27e-04 | 109s
Epoch  40/100 | L_step=8.8032e-06 L_roll=0.0000e+00 L_energy=0.0000e+00 L_V=0.0000e+00 | val_mse=5.0285e-05 bound_viol=0.0000e+00 | lr=6.55e-04 | 125s
Epoch  45/100 | L_step=7.7457e-06 L_roll=0.0000e+00 L_energy=0.0000e+00 L_V=0.0000e+00 | val_mse=4.2437e-05 bound_viol=0.0000e+00 | lr=5.78e-04 | 140s
Epoch  50/100 | L_step=7.4028e-06 L_roll=0.0000e+00 L_energy=0.0000e+00 L_V=0.0000e+00 | val_mse=3.9498e-05 bound_viol=0.0000e+00 | lr=5.00e-04 | 156s
Epoch  55/100 | L_step=7.2138e-06 L_roll=0.0000e+00 L_energy=0.0000e+00 L_V=0.0000e+00 | val_mse=3.7935e-05 bound_viol=0.0000e+00 | lr=4.22e-04 | 172s
Epoch  60/100 | L_step=7.0963e-06 L_roll=0.0000e+00 L_energy=0.0000e+00 L_V=0.0000e+00 | val_mse=3.6924e-05 bound_viol=0.0000e+00 | lr=3.45e-04 | 187s
Epoch  65/100 | L_step=7.0171e-06 L_roll=0.0000e+00 L_energy=0.0000e+00 L_V=0.0000e+00 | val_mse=3.6219e-05 bound_viol=0.0000e+00 | lr=2.73e-04 | 203s
Epoch  70/100 | L_step=6.9620e-06 L_roll=0.0000e+00 L_energy=0.0000e+00 L_V=0.0000e+00 | val_mse=3.5790e-05 bound_viol=0.0000e+00 | lr=2.06e-04 | 219s
Epoch  75/100 | L_step=6.9238e-06 L_roll=0.0000e+00 L_energy=0.0000e+00 L_V=0.0000e+00 | val_mse=3.5468e-05 bound_viol=0.0000e+00 | lr=1.46e-04 | 234s
Epoch  80/100 | L_step=6.8988e-06 L_roll=0.0000e+00 L_energy=0.0000e+00 L_V=0.0000e+00 | val_mse=3.5271e-05 bound_viol=0.0000e+00 | lr=9.55e-05 | 250s
Epoch  85/100 | L_step=6.8830e-06 L_roll=0.0000e+00 L_energy=0.0000e+00 L_V=0.0000e+00 | val_mse=3.5145e-05 bound_viol=0.0000e+00 | lr=5.45e-05 | 265s
Epoch  90/100 | L_step=6.8744e-06 L_roll=0.0000e+00 L_energy=0.0000e+00 L_V=0.0000e+00 | val_mse=3.5081e-05 bound_viol=0.0000e+00 | lr=2.45e-05 | 281s
Epoch  95/100 | L_step=6.8708e-06 L_roll=0.0000e+00 L_energy=0.0000e+00 L_V=0.0000e+00 | val_mse=3.5054e-05 bound_viol=0.0000e+00 | lr=6.16e-06 | 297s
Epoch 100/100 | L_step=6.8701e-06 L_roll=0.0000e+00 L_energy=0.0000e+00 L_V=0.0000e+00 | val_mse=3.5050e-05 bound_viol=0.0000e+00 | lr=0.00e+00 | 312s

Training complete: 312s, best_val_mse=3.5050e-05
{
  "output_dir": "/data/runs/20260825-fisher-fair-fixed-screen-seed42-e018fbc/outputs-latent100",
  "models": {
    "latent": 9603
  }
}
