{"cell": "midpoint-b4-L4-unroll-s161803-A", "epoch": 1, "train_mse": 1.6299641132354736, "gradient_norm": 1.9276553392410278, "validation_one_step": 0.0036992101231589913, "validation_rollout": 0.0837351381778717, "train_seconds": 0.015756893903017044, "elapsed_seconds": 0.041521210223436356}
{"cell": "midpoint-b4-L4-unroll-s161803-A", "epoch": 100, "train_mse": 0.014775444753468037, "gradient_norm": 0.03015761822462082, "validation_one_step": 2.901691292815182e-05, "validation_rollout": 0.0010356499115005136, "train_seconds": 1.535354558378458, "elapsed_seconds": 1.822245080024004}
{"cell": "midpoint-b4-L4-unroll-s161803-A", "epoch": 200, "train_mse": 0.014069883152842522, "gradient_norm": 0.008283266797661781, "validation_one_step": 2.775233573023191e-05, "validation_rollout": 0.0009722636896185577, "train_seconds": 3.051401510834694, "elapsed_seconds": 3.5992136038839817}
{"cell": "midpoint-b4-L4-unroll-s161803-A", "epoch": 300, "train_mse": 0.01330808736383915, "gradient_norm": 0.008563969284296036, "validation_one_step": 2.6305304951771784e-05, "validation_rollout": 0.0009315575007349253, "train_seconds": 4.570650260895491, "elapsed_seconds": 5.381573855876923}
{"cell": "midpoint-b4-L4-unroll-s161803-A", "epoch": 400, "train_mse": 0.012325318530201912, "gradient_norm": 0.009195339865982533, "validation_one_step": 2.445585300847597e-05, "validation_rollout": 0.0008687127847224474, "train_seconds": 6.099200449883938, "elapsed_seconds": 7.174662094563246}
{"cell": "midpoint-b4-L4-unroll-s161803-A", "epoch": 500, "train_mse": 0.010976514779031277, "gradient_norm": 0.010095122270286083, "validation_one_step": 2.1908231246925425e-05, "validation_rollout": 0.0007742095040157437, "train_seconds": 7.62313961610198, "elapsed_seconds": 8.96534639596939}
{"cell": "midpoint-b4-L4-unroll-s161803-A", "epoch": 600, "train_mse": 0.00914115272462368, "gradient_norm": 0.011009288020431995, "validation_one_step": 1.8399185364614823e-05, "validation_rollout": 0.0006431075744330883, "train_seconds": 9.147952701896429, "elapsed_seconds": 10.75706747919321}
{"cell": "midpoint-b4-L4-unroll-s161803-A", "epoch": 700, "train_mse": 0.006764482706785202, "gradient_norm": 0.01155891828238964, "validation_one_step": 1.3775625689049775e-05, "validation_rollout": 0.00047360037569887936, "train_seconds": 10.659824188798666, "elapsed_seconds": 12.53581565245986}
{"cell": "midpoint-b4-L4-unroll-s161803-A", "epoch": 800, "train_mse": 0.004556234460324049, "gradient_norm": 0.2026076465845108, "validation_one_step": 8.604273565045636e-06, "validation_rollout": 0.00029348244424909353, "train_seconds": 12.185166366398335, "elapsed_seconds": 14.329353254288435}
{"cell": "midpoint-b4-L4-unroll-s161803-A", "epoch": 900, "train_mse": 0.0016518546035513282, "gradient_norm": 0.008690187707543373, "validation_one_step": 3.482606066048296e-06, "validation_rollout": 0.00011378137423889711, "train_seconds": 13.698566433042288, "elapsed_seconds": 16.110451504588127}
{"cell": "midpoint-b4-L4-unroll-s161803-A", "epoch": 1000, "train_mse": 0.00039754045428708196, "gradient_norm": 0.012621440924704075, "validation_one_step": 8.556910084204598e-07, "validation_rollout": 2.724707155721262e-05, "train_seconds": 15.214286252856255, "elapsed_seconds": 17.893096782267094}
{"cell": "midpoint-b4-L4-unroll-s161803-A", "epoch": 1100, "train_mse": 5.967233664705418e-05, "gradient_norm": 0.019657332450151443, "validation_one_step": 1.4582859009237836e-07, "validation_rollout": 4.352382347860839e-06, "train_seconds": 16.731629446148872, "elapsed_seconds": 19.678356409072876}
{"cell": "midpoint-b4-L4-unroll-s161803-A", "epoch": 1200, "train_mse": 6.813002073613461e-06, "gradient_norm": 0.0006104927742853761, "validation_one_step": 1.7066042912183832e-08, "validation_rollout": 4.998211124984664e-07, "train_seconds": 18.247134037315845, "elapsed_seconds": 21.46081245318055}
{"cell": "midpoint-b4-L4-unroll-s161803-A", "epoch": 1300, "train_mse": 2.26327665586723e-06, "gradient_norm": 0.00015445657481905073, "validation_one_step": 5.217094016056005e-09, "validation_rollout": 1.407345422421713e-07, "train_seconds": 19.759476713836193, "elapsed_seconds": 23.241722028702497}
{"cell": "midpoint-b4-L4-unroll-s161803-A", "epoch": 1400, "train_mse": 2.1797882254759315e-06, "gradient_norm": 0.004354377742856741, "validation_one_step": 4.07168021521187e-09, "validation_rollout": 1.1384171472172966e-07, "train_seconds": 21.273855172097683, "elapsed_seconds": 25.023207154124975}
{"cell": "midpoint-b4-L4-unroll-s161803-A", "epoch": 1500, "train_mse": 1.9010087726201164e-06, "gradient_norm": 8.440558303846046e-05, "validation_one_step": 3.676888571391146e-09, "validation_rollout": 9.793981803341012e-08, "train_seconds": 22.790616139769554, "elapsed_seconds": 26.809138976037502}
{"cell": "midpoint-b4-L4-unroll-s161803-A", "epoch": 1600, "train_mse": 0.0003745145513676107, "gradient_norm": 0.18231439590454102, "validation_one_step": 8.892941896950409e-07, "validation_rollout": 2.901992411352694e-05, "train_seconds": 24.3082970418036, "elapsed_seconds": 28.595728434622288}
{"cell": "midpoint-b4-L4-unroll-s161803-A", "epoch": 1700, "train_mse": 1.8530483885115245e-06, "gradient_norm": 0.0004504392563831061, "validation_one_step": 3.5244110222857708e-09, "validation_rollout": 9.019566959977965e-08, "train_seconds": 25.824749171733856, "elapsed_seconds": 30.379377774894238}
{"cell": "midpoint-b4-L4-unroll-s161803-A", "epoch": 1800, "train_mse": 1.8201691318608937e-06, "gradient_norm": 1.9025879737455398e-05, "validation_one_step": 3.3897721296582972e-09, "validation_rollout": 8.903138848381786e-08, "train_seconds": 27.345105223357677, "elapsed_seconds": 32.170099295675755}
{"cell": "midpoint-b4-L4-unroll-s161803-A", "epoch": 1900, "train_mse": 1.155582594947191e-05, "gradient_norm": 0.02935951203107834, "validation_one_step": 4.431147856050662e-09, "validation_rollout": 1.4124100289336639e-07, "train_seconds": 28.8862844966352, "elapsed_seconds": 33.98156464844942}
{"cell": "midpoint-b4-L4-unroll-s161803-A", "epoch": 2000, "train_mse": 1.7871677755465498e-06, "gradient_norm": 0.0001887051184894517, "validation_one_step": 3.2781763599961287e-09, "validation_rollout": 8.483429780881124e-08, "train_seconds": 30.42865537852049, "elapsed_seconds": 35.79918887093663}
