Epoch   1/100 | L_step=5.8359e-04 L_roll=0.0000e+00 L_energy=0.0000e+00 L_V=0.0000e+00 | validation=not_run | lr=1.00e-03 | 3s
Epoch   5/100 | L_step=5.4707e-04 L_roll=0.0000e+00 L_energy=0.0000e+00 L_V=0.0000e+00 | val_mse=6.5094e-03 bound_viol=0.0000e+00 | lr=9.94e-04 | 16s
Epoch  10/100 | L_step=5.3226e-04 L_roll=0.0000e+00 L_energy=0.0000e+00 L_V=0.0000e+00 | val_mse=6.4097e-03 bound_viol=0.0000e+00 | lr=9.76e-04 | 32s
Epoch  15/100 | L_step=5.2986e-04 L_roll=0.0000e+00 L_energy=0.0000e+00 L_V=0.0000e+00 | val_mse=6.3840e-03 bound_viol=0.0000e+00 | lr=9.46e-04 | 48s
Epoch  20/100 | L_step=5.1809e-04 L_roll=0.0000e+00 L_energy=0.0000e+00 L_V=0.0000e+00 | val_mse=6.1830e-03 bound_viol=0.0000e+00 | lr=9.05e-04 | 64s
Epoch  25/100 | L_step=1.6814e-04 L_roll=0.0000e+00 L_energy=0.0000e+00 L_V=0.0000e+00 | val_mse=7.9725e-04 bound_viol=0.0000e+00 | lr=8.54e-04 | 80s
Epoch  30/100 | L_step=1.2614e-05 L_roll=0.0000e+00 L_energy=0.0000e+00 L_V=0.0000e+00 | val_mse=1.2011e-04 bound_viol=0.0000e+00 | lr=7.94e-04 | 96s
Epoch  35/100 | L_step=9.6401e-06 L_roll=0.0000e+00 L_energy=0.0000e+00 L_V=0.0000e+00 | val_mse=7.0354e-05 bound_viol=0.0000e+00 | lr=7.27e-04 | 112s
Epoch  40/100 | L_step=8.6110e-06 L_roll=0.0000e+00 L_energy=0.0000e+00 L_V=0.0000e+00 | val_mse=4.6470e-05 bound_viol=0.0000e+00 | lr=6.55e-04 | 127s
Epoch  45/100 | L_step=8.2832e-06 L_roll=0.0000e+00 L_energy=0.0000e+00 L_V=0.0000e+00 | val_mse=4.5705e-05 bound_viol=0.0000e+00 | lr=5.78e-04 | 143s
Epoch  50/100 | L_step=8.1412e-06 L_roll=0.0000e+00 L_energy=0.0000e+00 L_V=0.0000e+00 | val_mse=4.3012e-05 bound_viol=0.0000e+00 | lr=5.00e-04 | 159s
Epoch  55/100 | L_step=8.0543e-06 L_roll=0.0000e+00 L_energy=0.0000e+00 L_V=0.0000e+00 | val_mse=4.2456e-05 bound_viol=0.0000e+00 | lr=4.22e-04 | 175s
Epoch  60/100 | L_step=7.9960e-06 L_roll=0.0000e+00 L_energy=0.0000e+00 L_V=0.0000e+00 | val_mse=4.1772e-05 bound_viol=0.0000e+00 | lr=3.45e-04 | 191s
Epoch  65/100 | L_step=7.9495e-06 L_roll=0.0000e+00 L_energy=0.0000e+00 L_V=0.0000e+00 | val_mse=4.1385e-05 bound_viol=0.0000e+00 | lr=2.73e-04 | 207s
Epoch  70/100 | L_step=7.9159e-06 L_roll=0.0000e+00 L_energy=0.0000e+00 L_V=0.0000e+00 | val_mse=4.1057e-05 bound_viol=0.0000e+00 | lr=2.06e-04 | 223s
Epoch  75/100 | L_step=7.8926e-06 L_roll=0.0000e+00 L_energy=0.0000e+00 L_V=0.0000e+00 | val_mse=4.0797e-05 bound_viol=0.0000e+00 | lr=1.46e-04 | 238s
Epoch  80/100 | L_step=7.8751e-06 L_roll=0.0000e+00 L_energy=0.0000e+00 L_V=0.0000e+00 | val_mse=4.0670e-05 bound_viol=0.0000e+00 | lr=9.55e-05 | 254s
Epoch  85/100 | L_step=7.8641e-06 L_roll=0.0000e+00 L_energy=0.0000e+00 L_V=0.0000e+00 | val_mse=4.0563e-05 bound_viol=0.0000e+00 | lr=5.45e-05 | 270s
Epoch  90/100 | L_step=7.8577e-06 L_roll=0.0000e+00 L_energy=0.0000e+00 L_V=0.0000e+00 | val_mse=4.0514e-05 bound_viol=0.0000e+00 | lr=2.45e-05 | 286s
Epoch  95/100 | L_step=7.8552e-06 L_roll=0.0000e+00 L_energy=0.0000e+00 L_V=0.0000e+00 | val_mse=4.0496e-05 bound_viol=0.0000e+00 | lr=6.16e-06 | 302s
Epoch 100/100 | L_step=7.8547e-06 L_roll=0.0000e+00 L_energy=0.0000e+00 L_V=0.0000e+00 | val_mse=4.0492e-05 bound_viol=0.0000e+00 | lr=0.00e+00 | 318s

Training complete: 318s, best_val_mse=4.0492e-05
Epoch   1/100 | L_step=2.9755e-01 L_roll=0.0000e+00 L_energy=0.0000e+00 L_V=0.0000e+00 | validation=not_run | lr=1.00e-03 | 0s
Epoch   5/100 | L_step=1.8640e-02 L_roll=0.0000e+00 L_energy=0.0000e+00 L_V=0.0000e+00 | val_mse=2.3532e-02 bound_viol=5.3052e-03 | lr=9.94e-04 | 0s
Epoch  10/100 | L_step=1.4867e-03 L_roll=0.0000e+00 L_energy=0.0000e+00 L_V=0.0000e+00 | val_mse=2.9559e-02 bound_viol=5.4809e-03 | lr=9.76e-04 | 0s
Epoch  15/100 | L_step=4.7596e-04 L_roll=0.0000e+00 L_energy=0.0000e+00 L_V=0.0000e+00 | val_mse=4.2223e-03 bound_viol=7.3734e-04 | lr=9.46e-04 | 1s
Epoch  20/100 | L_step=2.2108e-04 L_roll=0.0000e+00 L_energy=0.0000e+00 L_V=0.0000e+00 | val_mse=2.0875e-03 bound_viol=2.1674e-04 | lr=9.05e-04 | 1s
Epoch  25/100 | L_step=1.3575e-04 L_roll=0.0000e+00 L_energy=0.0000e+00 L_V=0.0000e+00 | val_mse=1.1938e-03 bound_viol=6.0567e-05 | lr=8.54e-04 | 1s
Epoch  30/100 | L_step=1.0405e-04 L_roll=0.0000e+00 L_energy=0.0000e+00 L_V=0.0000e+00 | val_mse=8.2006e-04 bound_viol=1.7398e-05 | lr=7.94e-04 | 1s
Epoch  35/100 | L_step=7.7185e-05 L_roll=0.0000e+00 L_energy=0.0000e+00 L_V=0.0000e+00 | val_mse=6.2965e-04 bound_viol=1.8481e-06 | lr=7.27e-04 | 1s
Epoch  40/100 | L_step=6.1719e-05 L_roll=0.0000e+00 L_energy=0.0000e+00 L_V=0.0000e+00 | val_mse=5.0080e-04 bound_viol=0.0000e+00 | lr=6.55e-04 | 1s
Epoch  45/100 | L_step=5.4730e-05 L_roll=0.0000e+00 L_energy=0.0000e+00 L_V=0.0000e+00 | val_mse=4.5851e-04 bound_viol=0.0000e+00 | lr=5.78e-04 | 1s
Epoch  50/100 | L_step=4.8450e-05 L_roll=0.0000e+00 L_energy=0.0000e+00 L_V=0.0000e+00 | val_mse=4.1303e-04 bound_viol=0.0000e+00 | lr=5.00e-04 | 2s
Epoch  55/100 | L_step=4.6051e-05 L_roll=0.0000e+00 L_energy=0.0000e+00 L_V=0.0000e+00 | val_mse=4.0855e-04 bound_viol=0.0000e+00 | lr=4.22e-04 | 2s
Epoch  60/100 | L_step=4.4991e-05 L_roll=0.0000e+00 L_energy=0.0000e+00 L_V=0.0000e+00 | val_mse=3.8935e-04 bound_viol=0.0000e+00 | lr=3.45e-04 | 2s
Epoch  65/100 | L_step=4.2390e-05 L_roll=0.0000e+00 L_energy=0.0000e+00 L_V=0.0000e+00 | val_mse=3.9394e-04 bound_viol=0.0000e+00 | lr=2.73e-04 | 2s
Epoch  70/100 | L_step=4.1353e-05 L_roll=0.0000e+00 L_energy=0.0000e+00 L_V=0.0000e+00 | val_mse=3.7543e-04 bound_viol=0.0000e+00 | lr=2.06e-04 | 2s
Epoch  75/100 | L_step=4.0734e-05 L_roll=0.0000e+00 L_energy=0.0000e+00 L_V=0.0000e+00 | val_mse=3.7225e-04 bound_viol=0.0000e+00 | lr=1.46e-04 | 2s
Epoch  80/100 | L_step=4.0449e-05 L_roll=0.0000e+00 L_energy=0.0000e+00 L_V=0.0000e+00 | val_mse=3.6768e-04 bound_viol=0.0000e+00 | lr=9.55e-05 | 2s
Epoch  85/100 | L_step=4.0332e-05 L_roll=0.0000e+00 L_energy=0.0000e+00 L_V=0.0000e+00 | val_mse=3.6638e-04 bound_viol=0.0000e+00 | lr=5.45e-05 | 2s
Epoch  90/100 | L_step=4.0206e-05 L_roll=0.0000e+00 L_energy=0.0000e+00 L_V=0.0000e+00 | val_mse=3.6600e-04 bound_viol=0.0000e+00 | lr=2.45e-05 | 3s
Epoch  95/100 | L_step=4.0166e-05 L_roll=0.0000e+00 L_energy=0.0000e+00 L_V=0.0000e+00 | val_mse=3.6598e-04 bound_viol=0.0000e+00 | lr=6.16e-06 | 3s
Epoch 100/100 | L_step=4.0158e-05 L_roll=0.0000e+00 L_energy=0.0000e+00 L_V=0.0000e+00 | val_mse=3.6593e-04 bound_viol=0.0000e+00 | lr=0.00e+00 | 3s

Training complete: 3s, best_val_mse=3.6593e-04
Epoch   1/100 | L_step=4.6530e-01 L_roll=0.0000e+00 L_energy=0.0000e+00 L_V=0.0000e+00 | validation=not_run | lr=1.00e-03 | 0s
Epoch   5/100 | L_step=3.0944e-01 L_roll=0.0000e+00 L_energy=0.0000e+00 L_V=0.0000e+00 | val_mse=3.4496e-01 bound_viol=7.2873e-02 | lr=9.94e-04 | 0s
Epoch  10/100 | L_step=4.0097e-02 L_roll=0.0000e+00 L_energy=0.0000e+00 L_V=0.0000e+00 | val_mse=4.6276e-02 bound_viol=0.0000e+00 | lr=9.76e-04 | 1s
Epoch  15/100 | L_step=1.7263e-03 L_roll=0.0000e+00 L_energy=0.0000e+00 L_V=0.0000e+00 | val_mse=1.5152e-02 bound_viol=6.0310e-03 | lr=9.46e-04 | 1s
Epoch  20/100 | L_step=5.1089e-04 L_roll=0.0000e+00 L_energy=0.0000e+00 L_V=0.0000e+00 | val_mse=2.3599e-03 bound_viol=1.5002e-05 | lr=9.05e-04 | 1s
Epoch  25/100 | L_step=2.2106e-04 L_roll=0.0000e+00 L_energy=0.0000e+00 L_V=0.0000e+00 | val_mse=4.7195e-03 bound_viol=0.0000e+00 | lr=8.54e-04 | 2s
Epoch  30/100 | L_step=1.2857e-04 L_roll=0.0000e+00 L_energy=0.0000e+00 L_V=0.0000e+00 | val_mse=3.3188e-03 bound_viol=0.0000e+00 | lr=7.94e-04 | 2s
Epoch  35/100 | L_step=1.1349e-04 L_roll=0.0000e+00 L_energy=0.0000e+00 L_V=0.0000e+00 | val_mse=3.6087e-03 bound_viol=2.6171e-06 | lr=7.27e-04 | 2s
Epoch  40/100 | L_step=1.0664e-04 L_roll=0.0000e+00 L_energy=0.0000e+00 L_V=0.0000e+00 | val_mse=3.4805e-03 bound_viol=0.0000e+00 | lr=6.55e-04 | 3s
Epoch  45/100 | L_step=1.0202e-04 L_roll=0.0000e+00 L_energy=0.0000e+00 L_V=0.0000e+00 | val_mse=3.4797e-03 bound_viol=0.0000e+00 | lr=5.78e-04 | 3s
Epoch  50/100 | L_step=9.8301e-05 L_roll=0.0000e+00 L_energy=0.0000e+00 L_V=0.0000e+00 | val_mse=3.4700e-03 bound_viol=7.2694e-07 | lr=5.00e-04 | 3s
Epoch  55/100 | L_step=9.5156e-05 L_roll=0.0000e+00 L_energy=0.0000e+00 L_V=0.0000e+00 | val_mse=3.4416e-03 bound_viol=2.1225e-06 | lr=4.22e-04 | 4s
Epoch  60/100 | L_step=9.2621e-05 L_roll=0.0000e+00 L_energy=0.0000e+00 L_V=0.0000e+00 | val_mse=3.4407e-03 bound_viol=2.5965e-06 | lr=3.45e-04 | 4s
Epoch  65/100 | L_step=9.0625e-05 L_roll=0.0000e+00 L_energy=0.0000e+00 L_V=0.0000e+00 | val_mse=3.4204e-03 bound_viol=3.3031e-06 | lr=2.73e-04 | 4s
Epoch  70/100 | L_step=8.8950e-05 L_roll=0.0000e+00 L_energy=0.0000e+00 L_V=0.0000e+00 | val_mse=3.4325e-03 bound_viol=2.9343e-06 | lr=2.06e-04 | 4s
Epoch  75/100 | L_step=8.7766e-05 L_roll=0.0000e+00 L_energy=0.0000e+00 L_V=0.0000e+00 | val_mse=3.4193e-03 bound_viol=3.1170e-06 | lr=1.46e-04 | 5s
Epoch  80/100 | L_step=8.6921e-05 L_roll=0.0000e+00 L_energy=0.0000e+00 L_V=0.0000e+00 | val_mse=3.4222e-03 bound_viol=3.3320e-06 | lr=9.55e-05 | 5s
Epoch  85/100 | L_step=8.6372e-05 L_roll=0.0000e+00 L_energy=0.0000e+00 L_V=0.0000e+00 | val_mse=3.4201e-03 bound_viol=3.2402e-06 | lr=5.45e-05 | 5s
Epoch  90/100 | L_step=8.6076e-05 L_roll=0.0000e+00 L_energy=0.0000e+00 L_V=0.0000e+00 | val_mse=3.4187e-03 bound_viol=3.1669e-06 | lr=2.45e-05 | 6s
Epoch  95/100 | L_step=8.5948e-05 L_roll=0.0000e+00 L_energy=0.0000e+00 L_V=0.0000e+00 | val_mse=3.4185e-03 bound_viol=3.2653e-06 | lr=6.16e-06 | 6s
Epoch 100/100 | L_step=8.5921e-05 L_roll=0.0000e+00 L_energy=0.0000e+00 L_V=0.0000e+00 | val_mse=3.4185e-03 bound_viol=3.2594e-06 | lr=0.00e+00 | 6s

Training complete: 6s, best_val_mse=2.3599e-03
{
  "output_dir": "/data/runs/20260825-fisher-fair-variable-screen-seed42-c811cdb/outputs",
  "models": {
    "latent": 9603,
    "resnet": 10117,
    "fno": 9345
  }
}
